0 1 2 3 4
0.600799371 0.0135573059 336.770103 172.203283 218.498704
1.12829192 0.0106605697 26.133685000000014 175.866979 212.734348
0.35175366 0.00485598327 314.151419 173.990041 218.643151
1.20382003 0.0525415294 32.94080700000001 174.221181 215.899992
1.11973972 0.023112809 25.414695999999992 173.710749 218.34555
1.23952238 0.0292899964 36.378431999999975 173.571818 213.89381
1.16440071 0.0254324934 29.365304999999978 173.557749 211.389749
1.08200073 0.0244772017 21.927430000000015 173.717739 211.196099
