0 1 2 3 4
0.735321924 0.0132538321 349.640821 172.664401 220.322347
1.17468787 0.0139955483 30.721375000000023 175.65569 219.275044
1.37235733 0.0472656279 49.73586499999999 173.141395 216.687788
1.20989523 0.054539149 33.51410899999996 174.394271 215.758842
1.08147445 0.016865307 22.110551999999984 174.263902 220.55232
1.22397482 0.0259782576 35.271713999999974 174.07569 217.797175
1.11329611 0.0152790511 24.7952103 173.712843 211.486801
1.02089209 0.0305979119 17.1937058 174.052155 215.473949
