0 1 2 3 4
43563.5002 0.00184676485 61.0573824 0.0366816895 77.4774258
43563.5 0.00231259596 60.8225321 14.8224384 78.0232548
43563.5001 0.00333794553 60.7803713 4.08513393e-12 78.0583921
43563.5001 0.00549029697 60.7750673 0.00634192429 78.2584426
43563.4999 0.00472416031 60.7455955 5.93082706 78.18097
43563.5001 0.00132408615 60.8701997 8.99754436 78.6495695
43563.5001 0.00440435082 60.3702514 0.258485791 77.6716987
43563.5001 0.00391213112 60.7629682 2.83441969e-11 78.0992127
43563.5 0.00322068701 60.4252432 5.97225611 77.6393294
